error: expected `,`
  --> $DIR/after_expiry_fail.rs:10:19
   |
10 | #[after_expiry_if(a)]
   |                   ^

error: expected `,`
  --> $DIR/after_expiry_fail.rs:13:24
   |
13 | #[after_expiry_if(a => a)]
   |                        ^

error: unexpected token
  --> $DIR/after_expiry_fail.rs:16:17
   |
16 | #[after_expiry(a, a)]
   |                 ^

error: unexpected token
  --> $DIR/after_expiry_fail.rs:19:22
   |
19 | #[after_expiry(a => a, a)]
   |                      ^

error: aborting due to 4 previous errors

