// compile-flags: -Zprint-desugared-specs -Zprint-typeckd-specs -Zskip-verify -Zhide-uuids
// normalize-stdout-test: "[a-z0-9]{32}" -> "$(NUM_UUID)"
// normalize-stdout-test: "[a-z0-9]{8}-[a-z0-9]{4}-[a-z0-9]{4}-[a-z0-9]{4}-[a-z0-9]{12}" -> "$(UUID)"

#![feature(register_tool)]
#![register_tool(prusti)]
#[prelude_import]
use std::prelude::v1::*;
#[macro_use]
extern crate std;

use prusti_contracts::*;

fn prusti_pledge_item_test1_$(NUM_UUID)() { }
#[prusti::pledge_spec_id_ref = "$(NUM_UUID)"]
fn test1() { }

fn prusti_pledge_item_test2_$(NUM_UUID)() { }
#[prusti::pledge_spec_id_ref = "$(NUM_UUID)"]
fn test2() { }

fn prusti_pledge_item_test3_$(NUM_UUID)() { }
#[prusti::pledge_spec_id_ref = "$(NUM_UUID)"]
fn test3() { }

fn prusti_pledge_item_test4_$(NUM_UUID)() { }
#[prusti::pledge_spec_id_ref = "$(NUM_UUID)"]
fn test4() { }

fn prusti_pledge_item_test5_$(NUM_UUID)() { }
#[prusti::pledge_spec_id_ref = "$(NUM_UUID)"]
fn test5() { }

fn main() { }
